// Jest Snapshot v1, https://goo.gl/fbAQLP

exports[`renders without crashing 1`] = `
<div>
  <div
    className="ReactTable -striped -highlight"
    style={
      Object {
        "maxWidth": "90%",
      }
    }
  >
    <div
      className="rt-table"
      style={undefined}
    >
      <div
        className="rt-thead -header"
        style={
          Object {
            "minWidth": "0px",
          }
        }
      >
        <div
          className="rt-tr"
          style={undefined}
        />
      </div>
      <div
        className="rt-tbody"
        style={
          Object {
            "minWidth": "0px",
          }
        }
      >
        <div
          className="rt-tr-group"
        >
          <div
            className="rt-tr -padRow -odd"
            style={Object {}}
          />
        </div>
        <div
          className="rt-tr-group"
        >
          <div
            className="rt-tr -padRow -even"
            style={Object {}}
          />
        </div>
        <div
          className="rt-tr-group"
        >
          <div
            className="rt-tr -padRow -odd"
            style={Object {}}
          />
        </div>
        <div
          className="rt-tr-group"
        >
          <div
            className="rt-tr -padRow -even"
            style={Object {}}
          />
        </div>
        <div
          className="rt-tr-group"
        >
          <div
            className="rt-tr -padRow -odd"
            style={Object {}}
          />
        </div>
        <div
          className="rt-tr-group"
        >
          <div
            className="rt-tr -padRow -even"
            style={Object {}}
          />
        </div>
        <div
          className="rt-tr-group"
        >
          <div
            className="rt-tr -padRow -odd"
            style={Object {}}
          />
        </div>
        <div
          className="rt-tr-group"
        >
          <div
            className="rt-tr -padRow -even"
            style={Object {}}
          />
        </div>
        <div
          className="rt-tr-group"
        >
          <div
            className="rt-tr -padRow -odd"
            style={Object {}}
          />
        </div>
        <div
          className="rt-tr-group"
        >
          <div
            className="rt-tr -padRow -even"
            style={Object {}}
          />
        </div>
      </div>
    </div>
    <div
      className="pagination-bottom"
    >
      <div
        className="-pagination"
        style={undefined}
      >
        <div
          className="-previous"
        >
          <button
            className="-btn"
            disabled={true}
            onClick={[Function]}
            type="button"
          >
            Previous
          </button>
        </div>
        <div
          className="-center"
        >
          <span
            className="-pageInfo"
          >
            Page
             
            <div
              className="-pageJump"
            >
              <input
                onBlur={[Function]}
                onChange={[Function]}
                onKeyPress={[Function]}
                type="number"
                value={1}
              />
            </div>
             
            of
             
            <span
              className="-totalPages"
            >
              1
            </span>
          </span>
          <span
            className="select-wrap -pageSizeOptions"
          >
            <select
              onChange={[Function]}
              value={10}
            >
              <option
                value={5}
              >
                5
                 
                rows
              </option>
              <option
                value={10}
              >
                10
                 
                rows
              </option>
              <option
                value={20}
              >
                20
                 
                rows
              </option>
              <option
                value={25}
              >
                25
                 
                rows
              </option>
              <option
                value={50}
              >
                50
                 
                rows
              </option>
              <option
                value={100}
              >
                100
                 
                rows
              </option>
            </select>
          </span>
        </div>
        <div
          className="-next"
        >
          <button
            className="-btn"
            disabled={true}
            onClick={[Function]}
            type="button"
          >
            Next
          </button>
        </div>
      </div>
    </div>
    <div
      className="rt-noData"
    >
      No rows found
    </div>
    <div
      className="-loading -active"
    >
      <div
        className="-loading-inner"
      >
        Loading...
      </div>
    </div>
  </div>
  <div />
</div>
`;
