// Jest Snapshot v1, https://goo.gl/fbAQLP

exports[`renders without crashing 1`] = `
<div
  className="ui segment pushable"
>
  <div
    className="ui inverted vertical labeled icon ui push left thin visible sidebar menu"
  />
  <div
    className="pusher"
  >
    <div
      className="ui basic segment"
    >
      <div>
        <p>
          Hello Home
        </p>
      </div>
    </div>
  </div>
</div>
`;
